# --------------------------------------------------- // System
# downgrade                                            # downgrade packages
# trash-cli-git                                        # cli to manage trash files
# libinput-gestures                                    # actions touchpad gestures using libinput
# gestures                                             # gui for libinput-gestures

# --------------------------------------------------- // Dependencies
xdg-desktop-portal-gtk                                 # xdg desktop portal using gtk
# emote                                                # emoji picker gtk3

# --------------------------------------------------- // Gaming
# steam                                                  # gaming platform
gamemode                                               # daemon and library for game optimisations
mangohud                                               # system performance overlay
lib32-mangohud
mesa
telegram-desktop
discord
nemo
mpv
ark
gedit
lib32-mesa
vulkan-radeon 
lib32-vulkan-radeon 
vulkan-icd-loader 
lib32-vulkan-icd-loader 
wine-staging 
giflib 
lib32-giflib 
libpng 
lib32-libpng 
libldap 
lib32-libldap 
gnutls 
lib32-gnutls 
mpg123 
lib32-mpg123 
openal 
lib32-openal 
v4l-utils 
lib32-v4l-utils 
libpulse 
lib32-libpulse 
libgpg-error 
lib32-libgpg-error 
alsa-plugins 
lib32-alsa-plugins 
alsa-lib 
lib32-alsa-lib 
libjpeg-turbo 
lib32-libjpeg-turbo 
libxcomposite 
lib32-libxcomposite 
libxinerama 
lib32-libgcrypt 
libgcrypt 
lib32-libxinerama 
ncurses 
lib32-ncurses 
opencl-icd-loader 
lib32-opencl-icd-loader 
libxslt 
lib32-libxslt 
libva 
lib32-libva 
gtk3 
lib32-gtk3 
gst-plugins-base-libs 
lib32-gst-plugins-base-libs
vulkan-icd-loader 
lib32-vulkan-icd-loader
google-chrome
zip
unzip
gnome-console
gnome-weather
gnome-calendar
noto-fonts-emoji
neofetch
# gamescope                                            # micro-compositor for gaming

# --------------------------------------------------- // Music
cava                                                   # audio visualizer
spotify                                                # proprietary music streaming service
# spicetify-cli                                          # cli to customize spotify client

# --------------------------------------------------- // Apps
# neovim                                               # vim based text editor
